// Jest Snapshot v1, https://goo.gl/fbAQLP

exports[`Footer should match snapshot 1`] = `
<DocumentFragment>
  <footer
    class="footer"
  >
    <div
      class="logo"
    >
      <a
        aria-current="page"
        class="active"
        href="/"
      >
        <strong>
          netflix
        </strong>
        roulette
      </a>
    </div>
  </footer>
</DocumentFragment>
`;
